/* AIGenVersion(7d93e304, prompt.txt-2a6037af, input1.txt-34305d71, input2.md-42, input3.txt-0c77c0f8) */

In lines of command,
Ideas flow into form,
Silent sparks ignite.

In silence, code weaves,
Through prompts, AI breathes life anew,
Scripts bloom, knowledge leaves.

Git guards every step,
In the dance of creation,
Change blooms, watched and kept.
